<?xml version="1.0" encoding="utf-8"?>
<TestRun id="c3e74632-200c-41f6-ac52-84e6a6ee3b07" name="n.aglione@PACTXVDIDEV118 2024-08-21 14:25:19" runUser="ITSPTY\n.aglione" xmlns="http://microsoft.com/schemas/VisualStudio/TeamTest/2010">
  <Times creation="2024-08-21T14:25:19.2425644+02:00" queuing="2024-08-21T14:25:19.2425655+02:00" start="2024-08-21T14:24:12.9833795+02:00" finish="2024-08-21T14:25:19.2495236+02:00" />
  <TestSettings name="default" id="c5d2ec4f-de35-4db0-8db0-097497d10abe">
    <Deployment runDeploymentRoot="n.aglione_PACTXVDIDEV118_2024-08-21_14_25_19" />
  </TestSettings>
  <Results>
    <UnitTestResult executionId="03f6efa0-851f-4d20-ad2f-3761dadf37cb" testId="fe726048-0362-2e4a-a711-704056fe94d5" testName="DatabaseContainer" computerName="PACTXVDIDEV118" duration="00:01:04.7850530" startTime="2024-08-21T14:24:14.0558181+02:00" endTime="2024-08-21T14:25:18.8432113+02:00" testType="13cdc9d9-ddb5-4fa4-a97d-d965ccfc6d4b" outcome="Passed" testListId="8c84fa94-04c1-424b-9868-57a2d4851a1d" relativeResultsDirectory="03f6efa0-851f-4d20-ad2f-3761dadf37cb">
      <Output>
        <StdOut>[testcontainers.org 00:00:00.14] Connected to Docker:&#xD;
  Host: npipe://./pipe/docker_engine&#xD;
  Server Version: 27.1.1&#xD;
  Kernel Version: 5.15.153.1-microsoft-standard-WSL2&#xD;
  API Version: 1.46&#xD;
  Operating System: Docker Desktop&#xD;
  Total Memory: 9.71 GB&#xD;
[testcontainers.org 00:00:00.42] Docker container e9c60c79189d created&#xD;
[testcontainers.org 00:00:00.49] Start Docker container e9c60c79189d&#xD;
[testcontainers.org 00:00:01.16] Wait for Docker container e9c60c79189d to complete readiness checks&#xD;
[testcontainers.org 00:00:01.17] Docker container e9c60c79189d ready&#xD;
[testcontainers.org 00:00:01.39] Docker container b4a68b91ca57 created&#xD;
[testcontainers.org 00:00:01.42] Start Docker container b4a68b91ca57&#xD;
[testcontainers.org 00:00:02.91] Execute "mkdir /var/lib/mysql-files" at Docker container b4a68b91ca57&#xD;
[testcontainers.org 00:00:02.92] Add file to tar archive: Content length: 48 byte(s), Target file: "/etc/mysql/my.cnf"&#xD;
[testcontainers.org 00:00:02.93] Copy tar archive to container: Content length: 48 byte(s), Docker container: b4a68b91ca57&#xD;
[testcontainers.org 00:00:03.02] Wait for Docker container b4a68b91ca57 to complete readiness checks&#xD;
[testcontainers.org 00:00:03.04] Execute "mysql Customers --wait --silent --execute=SELECT 1;" at Docker container b4a68b91ca57&#xD;
[testcontainers.org 00:00:04.13] Execute "mysql Customers --wait --silent --execute=SELECT 1;" at Docker container b4a68b91ca57&#xD;
[testcontainers.org 00:00:05.22] Execute "mysql Customers --wait --silent --execute=SELECT 1;" at Docker container b4a68b91ca57&#xD;
[testcontainers.org 00:00:06.32] Execute "mysql Customers --wait --silent --execute=SELECT 1;" at Docker container b4a68b91ca57&#xD;
[testcontainers.org 00:00:07.43] Execute "mysql Customers --wait --silent --execute=SELECT 1;" at Docker container b4a68b91ca57&#xD;
[testcontainers.org 00:00:08.53] Execute "mysql Customers --wait --silent --execute=SELECT 1;" at Docker container b4a68b91ca57&#xD;
[testcontainers.org 00:00:09.62] Execute "mysql Customers --wait --silent --execute=SELECT 1;" at Docker container b4a68b91ca57&#xD;
[testcontainers.org 00:00:10.72] Execute "mysql Customers --wait --silent --execute=SELECT 1;" at Docker container b4a68b91ca57&#xD;
[testcontainers.org 00:00:11.82] Execute "mysql Customers --wait --silent --execute=SELECT 1;" at Docker container b4a68b91ca57&#xD;
[testcontainers.org 00:00:12.93] Execute "mysql Customers --wait --silent --execute=SELECT 1;" at Docker container b4a68b91ca57&#xD;
[testcontainers.org 00:00:14.02] Execute "mysql Customers --wait --silent --execute=SELECT 1;" at Docker container b4a68b91ca57&#xD;
[testcontainers.org 00:00:15.12] Execute "mysql Customers --wait --silent --execute=SELECT 1;" at Docker container b4a68b91ca57&#xD;
[testcontainers.org 00:00:16.21] Execute "mysql Customers --wait --silent --execute=SELECT 1;" at Docker container b4a68b91ca57&#xD;
[testcontainers.org 00:00:17.30] Execute "mysql Customers --wait --silent --execute=SELECT 1;" at Docker container b4a68b91ca57&#xD;
[testcontainers.org 00:00:18.39] Execute "mysql Customers --wait --silent --execute=SELECT 1;" at Docker container b4a68b91ca57&#xD;
[testcontainers.org 00:00:19.48] Execute "mysql Customers --wait --silent --execute=SELECT 1;" at Docker container b4a68b91ca57&#xD;
[testcontainers.org 00:00:20.57] Execute "mysql Customers --wait --silent --execute=SELECT 1;" at Docker container b4a68b91ca57&#xD;
[testcontainers.org 00:00:21.68] Execute "mysql Customers --wait --silent --execute=SELECT 1;" at Docker container b4a68b91ca57&#xD;
[testcontainers.org 00:00:22.79] Execute "mysql Customers --wait --silent --execute=SELECT 1;" at Docker container b4a68b91ca57&#xD;
[testcontainers.org 00:00:24.03] Execute "mysql Customers --wait --silent --execute=SELECT 1;" at Docker container b4a68b91ca57&#xD;
[testcontainers.org 00:00:25.44] Execute "mysql Customers --wait --silent --execute=SELECT 1;" at Docker container b4a68b91ca57&#xD;
[testcontainers.org 00:00:26.54] Execute "mysql Customers --wait --silent --execute=SELECT 1;" at Docker container b4a68b91ca57&#xD;
[testcontainers.org 00:00:27.63] Execute "mysql Customers --wait --silent --execute=SELECT 1;" at Docker container b4a68b91ca57&#xD;
[testcontainers.org 00:00:28.74] Execute "mysql Customers --wait --silent --execute=SELECT 1;" at Docker container b4a68b91ca57&#xD;
[testcontainers.org 00:00:29.82] Execute "mysql Customers --wait --silent --execute=SELECT 1;" at Docker container b4a68b91ca57&#xD;
[testcontainers.org 00:00:29.95] Docker container b4a68b91ca57 ready&#xD;
[testcontainers.org 00:00:30.60] Docker container c1ee4ea96abb created&#xD;
[testcontainers.org 00:00:30.62] Start Docker container c1ee4ea96abb&#xD;
[testcontainers.org 00:00:32.11] Execute "mkdir /var/lib/mysql-files" at Docker container c1ee4ea96abb&#xD;
[testcontainers.org 00:00:32.11] Add file to tar archive: Content length: 48 byte(s), Target file: "/etc/mysql/my.cnf"&#xD;
[testcontainers.org 00:00:32.11] Copy tar archive to container: Content length: 48 byte(s), Docker container: c1ee4ea96abb&#xD;
[testcontainers.org 00:00:32.22] Wait for Docker container c1ee4ea96abb to complete readiness checks&#xD;
[testcontainers.org 00:00:32.25] Execute "mysql Customers --wait --silent --execute=SELECT 1;" at Docker container c1ee4ea96abb&#xD;
[testcontainers.org 00:00:33.48] Execute "mysql Customers --wait --silent --execute=SELECT 1;" at Docker container c1ee4ea96abb&#xD;
[testcontainers.org 00:00:34.57] Execute "mysql Customers --wait --silent --execute=SELECT 1;" at Docker container c1ee4ea96abb&#xD;
[testcontainers.org 00:00:35.68] Execute "mysql Customers --wait --silent --execute=SELECT 1;" at Docker container c1ee4ea96abb&#xD;
[testcontainers.org 00:00:36.79] Execute "mysql Customers --wait --silent --execute=SELECT 1;" at Docker container c1ee4ea96abb&#xD;
[testcontainers.org 00:00:37.90] Execute "mysql Customers --wait --silent --execute=SELECT 1;" at Docker container c1ee4ea96abb&#xD;
[testcontainers.org 00:00:38.99] Execute "mysql Customers --wait --silent --execute=SELECT 1;" at Docker container c1ee4ea96abb&#xD;
[testcontainers.org 00:00:40.08] Execute "mysql Customers --wait --silent --execute=SELECT 1;" at Docker container c1ee4ea96abb&#xD;
[testcontainers.org 00:00:41.18] Execute "mysql Customers --wait --silent --execute=SELECT 1;" at Docker container c1ee4ea96abb&#xD;
[testcontainers.org 00:00:42.29] Execute "mysql Customers --wait --silent --execute=SELECT 1;" at Docker container c1ee4ea96abb&#xD;
[testcontainers.org 00:00:43.38] Execute "mysql Customers --wait --silent --execute=SELECT 1;" at Docker container c1ee4ea96abb&#xD;
[testcontainers.org 00:00:44.50] Execute "mysql Customers --wait --silent --execute=SELECT 1;" at Docker container c1ee4ea96abb&#xD;
[testcontainers.org 00:00:45.59] Execute "mysql Customers --wait --silent --execute=SELECT 1;" at Docker container c1ee4ea96abb&#xD;
[testcontainers.org 00:00:46.69] Execute "mysql Customers --wait --silent --execute=SELECT 1;" at Docker container c1ee4ea96abb&#xD;
[testcontainers.org 00:00:47.79] Execute "mysql Customers --wait --silent --execute=SELECT 1;" at Docker container c1ee4ea96abb&#xD;
[testcontainers.org 00:00:48.90] Execute "mysql Customers --wait --silent --execute=SELECT 1;" at Docker container c1ee4ea96abb&#xD;
[testcontainers.org 00:00:50.00] Execute "mysql Customers --wait --silent --execute=SELECT 1;" at Docker container c1ee4ea96abb&#xD;
[testcontainers.org 00:00:51.08] Execute "mysql Customers --wait --silent --execute=SELECT 1;" at Docker container c1ee4ea96abb&#xD;
[testcontainers.org 00:00:52.23] Execute "mysql Customers --wait --silent --execute=SELECT 1;" at Docker container c1ee4ea96abb&#xD;
[testcontainers.org 00:00:53.51] Execute "mysql Customers --wait --silent --execute=SELECT 1;" at Docker container c1ee4ea96abb&#xD;
[testcontainers.org 00:00:54.63] Execute "mysql Customers --wait --silent --execute=SELECT 1;" at Docker container c1ee4ea96abb&#xD;
[testcontainers.org 00:00:55.83] Execute "mysql Customers --wait --silent --execute=SELECT 1;" at Docker container c1ee4ea96abb&#xD;
[testcontainers.org 00:00:56.93] Execute "mysql Customers --wait --silent --execute=SELECT 1;" at Docker container c1ee4ea96abb&#xD;
[testcontainers.org 00:00:58.01] Execute "mysql Customers --wait --silent --execute=SELECT 1;" at Docker container c1ee4ea96abb&#xD;
[testcontainers.org 00:00:59.09] Execute "mysql Customers --wait --silent --execute=SELECT 1;" at Docker container c1ee4ea96abb&#xD;
[testcontainers.org 00:01:00.19] Execute "mysql Customers --wait --silent --execute=SELECT 1;" at Docker container c1ee4ea96abb&#xD;
[testcontainers.org 00:01:01.28] Execute "mysql Customers --wait --silent --execute=SELECT 1;" at Docker container c1ee4ea96abb&#xD;
[testcontainers.org 00:01:01.40] Docker container c1ee4ea96abb ready&#xD;
Given I have a running MySQL Container&#xD;
-&gt; done: DatabaseContainerStepDefinitions.GivenIHaveARunningMySQLContainer() (0.0s)&#xD;
Then the database should be accessible&#xD;
locked_out_user&#xD;
-&gt; done: DatabaseContainerStepDefinitions.ThenTheDatabaseShouldBeAccessible() (0.0s)&#xD;
[testcontainers.org 00:01:01.83] Delete Docker container b4a68b91ca57&#xD;
[testcontainers.org 00:01:02.08] Docker container 87d09ed38a07 created&#xD;
[testcontainers.org 00:01:02.10] Start Docker container 87d09ed38a07&#xD;
[testcontainers.org 00:01:02.60] Delete Docker container c1ee4ea96abb&#xD;
[testcontainers.org 00:01:04.04] Execute "mkdir /var/lib/mysql-files" at Docker container 87d09ed38a07&#xD;
[testcontainers.org 00:01:04.04] Add file to tar archive: Content length: 48 byte(s), Target file: "/etc/mysql/my.cnf"&#xD;
[testcontainers.org 00:01:04.04] Copy tar archive to container: Content length: 48 byte(s), Docker container: 87d09ed38a07&#xD;
[testcontainers.org 00:01:04.25] Wait for Docker container 87d09ed38a07 to complete readiness checks&#xD;
[testcontainers.org 00:01:04.27] Execute "mysql Customers --wait --silent --execute=SELECT 1;" at Docker container 87d09ed38a07</StdOut>
      </Output>
    </UnitTestResult>
  </Results>
  <TestDefinitions>
    <UnitTest name="DatabaseContainer" storage="c:\users\n.aglione\source\repos\playwrighttest\bin\debug\net8.0\playwrighttest.dll" id="fe726048-0362-2e4a-a711-704056fe94d5">
      <Execution id="03f6efa0-851f-4d20-ad2f-3761dadf37cb" />
      <TestMethod codeBase="C:\Users\n.aglione\source\repos\PlaywrightTest\bin\Debug\net8.0\PlaywrightTest.dll" adapterTypeName="executor://nunit3testexecutor/" className="PlaywrightTest.Features.DatabaseContainerFeature" name="DatabaseContainer" />
    </UnitTest>
  </TestDefinitions>
  <TestEntries>
    <TestEntry testId="fe726048-0362-2e4a-a711-704056fe94d5" executionId="03f6efa0-851f-4d20-ad2f-3761dadf37cb" testListId="8c84fa94-04c1-424b-9868-57a2d4851a1d" />
  </TestEntries>
  <TestLists>
    <TestList name="Results Not in a List" id="8c84fa94-04c1-424b-9868-57a2d4851a1d" />
    <TestList name="All Loaded Results" id="19431567-8539-422a-85d7-44ee4e166bda" />
  </TestLists>
  <ResultSummary outcome="Completed">
    <Counters total="1" executed="1" passed="1" failed="0" error="0" timeout="0" aborted="0" inconclusive="0" passedButRunAborted="0" notRunnable="0" notExecuted="0" disconnected="0" warning="0" completed="0" inProgress="0" pending="0" />
    <Output>
      <StdOut>NUnit Adapter 4.6.0.0: Test execution started&#xD;
Running selected tests in C:\Users\n.aglione\source\repos\PlaywrightTest\bin\Debug\net8.0\PlaywrightTest.dll&#xD;
   NUnit3TestExecutor discovered 1 of 1 NUnit test cases using Current Discovery mode, Non-Explicit run&#xD;
[testcontainers.org 00:00:00.14] Connected to Docker:&#xD;
  Host: npipe://./pipe/docker_engine&#xD;
  Server Version: 27.1.1&#xD;
  Kernel Version: 5.15.153.1-microsoft-standard-WSL2&#xD;
  API Version: 1.46&#xD;
  Operating System: Docker Desktop&#xD;
  Total Memory: 9.71 GB&#xD;
[testcontainers.org 00:00:00.42] Docker container e9c60c79189d created&#xD;
[testcontainers.org 00:00:00.49] Start Docker container e9c60c79189d&#xD;
[testcontainers.org 00:00:01.16] Wait for Docker container e9c60c79189d to complete readiness checks&#xD;
[testcontainers.org 00:00:01.17] Docker container e9c60c79189d ready&#xD;
[testcontainers.org 00:00:01.39] Docker container b4a68b91ca57 created&#xD;
[testcontainers.org 00:00:01.42] Start Docker container b4a68b91ca57&#xD;
[testcontainers.org 00:00:02.91] Execute "mkdir /var/lib/mysql-files" at Docker container b4a68b91ca57&#xD;
[testcontainers.org 00:00:02.92] Add file to tar archive: Content length: 48 byte(s), Target file: "/etc/mysql/my.cnf"&#xD;
[testcontainers.org 00:00:02.93] Copy tar archive to container: Content length: 48 byte(s), Docker container: b4a68b91ca57&#xD;
[testcontainers.org 00:00:03.02] Wait for Docker container b4a68b91ca57 to complete readiness checks&#xD;
[testcontainers.org 00:00:03.04] Execute "mysql Customers --wait --silent --execute=SELECT 1;" at Docker container b4a68b91ca57&#xD;
[testcontainers.org 00:00:04.13] Execute "mysql Customers --wait --silent --execute=SELECT 1;" at Docker container b4a68b91ca57&#xD;
[testcontainers.org 00:00:05.22] Execute "mysql Customers --wait --silent --execute=SELECT 1;" at Docker container b4a68b91ca57&#xD;
[testcontainers.org 00:00:06.32] Execute "mysql Customers --wait --silent --execute=SELECT 1;" at Docker container b4a68b91ca57&#xD;
[testcontainers.org 00:00:07.43] Execute "mysql Customers --wait --silent --execute=SELECT 1;" at Docker container b4a68b91ca57&#xD;
[testcontainers.org 00:00:08.53] Execute "mysql Customers --wait --silent --execute=SELECT 1;" at Docker container b4a68b91ca57&#xD;
[testcontainers.org 00:00:09.62] Execute "mysql Customers --wait --silent --execute=SELECT 1;" at Docker container b4a68b91ca57&#xD;
[testcontainers.org 00:00:10.72] Execute "mysql Customers --wait --silent --execute=SELECT 1;" at Docker container b4a68b91ca57&#xD;
[testcontainers.org 00:00:11.82] Execute "mysql Customers --wait --silent --execute=SELECT 1;" at Docker container b4a68b91ca57&#xD;
[testcontainers.org 00:00:12.93] Execute "mysql Customers --wait --silent --execute=SELECT 1;" at Docker container b4a68b91ca57&#xD;
[testcontainers.org 00:00:14.02] Execute "mysql Customers --wait --silent --execute=SELECT 1;" at Docker container b4a68b91ca57&#xD;
[testcontainers.org 00:00:15.12] Execute "mysql Customers --wait --silent --execute=SELECT 1;" at Docker container b4a68b91ca57&#xD;
[testcontainers.org 00:00:16.21] Execute "mysql Customers --wait --silent --execute=SELECT 1;" at Docker container b4a68b91ca57&#xD;
[testcontainers.org 00:00:17.30] Execute "mysql Customers --wait --silent --execute=SELECT 1;" at Docker container b4a68b91ca57&#xD;
[testcontainers.org 00:00:18.39] Execute "mysql Customers --wait --silent --execute=SELECT 1;" at Docker container b4a68b91ca57&#xD;
[testcontainers.org 00:00:19.48] Execute "mysql Customers --wait --silent --execute=SELECT 1;" at Docker container b4a68b91ca57&#xD;
[testcontainers.org 00:00:20.57] Execute "mysql Customers --wait --silent --execute=SELECT 1;" at Docker container b4a68b91ca57&#xD;
[testcontainers.org 00:00:21.68] Execute "mysql Customers --wait --silent --execute=SELECT 1;" at Docker container b4a68b91ca57&#xD;
[testcontainers.org 00:00:22.79] Execute "mysql Customers --wait --silent --execute=SELECT 1;" at Docker container b4a68b91ca57&#xD;
[testcontainers.org 00:00:24.03] Execute "mysql Customers --wait --silent --execute=SELECT 1;" at Docker container b4a68b91ca57&#xD;
[testcontainers.org 00:00:25.44] Execute "mysql Customers --wait --silent --execute=SELECT 1;" at Docker container b4a68b91ca57&#xD;
[testcontainers.org 00:00:26.54] Execute "mysql Customers --wait --silent --execute=SELECT 1;" at Docker container b4a68b91ca57&#xD;
[testcontainers.org 00:00:27.63] Execute "mysql Customers --wait --silent --execute=SELECT 1;" at Docker container b4a68b91ca57&#xD;
[testcontainers.org 00:00:28.74] Execute "mysql Customers --wait --silent --execute=SELECT 1;" at Docker container b4a68b91ca57&#xD;
[testcontainers.org 00:00:29.82] Execute "mysql Customers --wait --silent --execute=SELECT 1;" at Docker container b4a68b91ca57&#xD;
[testcontainers.org 00:00:29.95] Docker container b4a68b91ca57 ready&#xD;
[testcontainers.org 00:00:30.60] Docker container c1ee4ea96abb created&#xD;
[testcontainers.org 00:00:30.62] Start Docker container c1ee4ea96abb&#xD;
[testcontainers.org 00:00:32.11] Execute "mkdir /var/lib/mysql-files" at Docker container c1ee4ea96abb&#xD;
[testcontainers.org 00:00:32.11] Add file to tar archive: Content length: 48 byte(s), Target file: "/etc/mysql/my.cnf"&#xD;
[testcontainers.org 00:00:32.11] Copy tar archive to container: Content length: 48 byte(s), Docker container: c1ee4ea96abb&#xD;
[testcontainers.org 00:00:32.22] Wait for Docker container c1ee4ea96abb to complete readiness checks&#xD;
[testcontainers.org 00:00:32.25] Execute "mysql Customers --wait --silent --execute=SELECT 1;" at Docker container c1ee4ea96abb&#xD;
[testcontainers.org 00:00:33.48] Execute "mysql Customers --wait --silent --execute=SELECT 1;" at Docker container c1ee4ea96abb&#xD;
[testcontainers.org 00:00:34.57] Execute "mysql Customers --wait --silent --execute=SELECT 1;" at Docker container c1ee4ea96abb&#xD;
[testcontainers.org 00:00:35.68] Execute "mysql Customers --wait --silent --execute=SELECT 1;" at Docker container c1ee4ea96abb&#xD;
[testcontainers.org 00:00:36.79] Execute "mysql Customers --wait --silent --execute=SELECT 1;" at Docker container c1ee4ea96abb&#xD;
[testcontainers.org 00:00:37.90] Execute "mysql Customers --wait --silent --execute=SELECT 1;" at Docker container c1ee4ea96abb&#xD;
[testcontainers.org 00:00:38.99] Execute "mysql Customers --wait --silent --execute=SELECT 1;" at Docker container c1ee4ea96abb&#xD;
[testcontainers.org 00:00:40.08] Execute "mysql Customers --wait --silent --execute=SELECT 1;" at Docker container c1ee4ea96abb&#xD;
[testcontainers.org 00:00:41.18] Execute "mysql Customers --wait --silent --execute=SELECT 1;" at Docker container c1ee4ea96abb&#xD;
[testcontainers.org 00:00:42.29] Execute "mysql Customers --wait --silent --execute=SELECT 1;" at Docker container c1ee4ea96abb&#xD;
[testcontainers.org 00:00:43.38] Execute "mysql Customers --wait --silent --execute=SELECT 1;" at Docker container c1ee4ea96abb&#xD;
[testcontainers.org 00:00:44.50] Execute "mysql Customers --wait --silent --execute=SELECT 1;" at Docker container c1ee4ea96abb&#xD;
[testcontainers.org 00:00:45.59] Execute "mysql Customers --wait --silent --execute=SELECT 1;" at Docker container c1ee4ea96abb&#xD;
[testcontainers.org 00:00:46.69] Execute "mysql Customers --wait --silent --execute=SELECT 1;" at Docker container c1ee4ea96abb&#xD;
[testcontainers.org 00:00:47.79] Execute "mysql Customers --wait --silent --execute=SELECT 1;" at Docker container c1ee4ea96abb&#xD;
[testcontainers.org 00:00:48.90] Execute "mysql Customers --wait --silent --execute=SELECT 1;" at Docker container c1ee4ea96abb&#xD;
[testcontainers.org 00:00:50.00] Execute "mysql Customers --wait --silent --execute=SELECT 1;" at Docker container c1ee4ea96abb&#xD;
[testcontainers.org 00:00:51.08] Execute "mysql Customers --wait --silent --execute=SELECT 1;" at Docker container c1ee4ea96abb&#xD;
[testcontainers.org 00:00:52.23] Execute "mysql Customers --wait --silent --execute=SELECT 1;" at Docker container c1ee4ea96abb&#xD;
[testcontainers.org 00:00:53.51] Execute "mysql Customers --wait --silent --execute=SELECT 1;" at Docker container c1ee4ea96abb&#xD;
[testcontainers.org 00:00:54.63] Execute "mysql Customers --wait --silent --execute=SELECT 1;" at Docker container c1ee4ea96abb&#xD;
[testcontainers.org 00:00:55.83] Execute "mysql Customers --wait --silent --execute=SELECT 1;" at Docker container c1ee4ea96abb&#xD;
[testcontainers.org 00:00:56.93] Execute "mysql Customers --wait --silent --execute=SELECT 1;" at Docker container c1ee4ea96abb&#xD;
[testcontainers.org 00:00:58.01] Execute "mysql Customers --wait --silent --execute=SELECT 1;" at Docker container c1ee4ea96abb&#xD;
[testcontainers.org 00:00:59.09] Execute "mysql Customers --wait --silent --execute=SELECT 1;" at Docker container c1ee4ea96abb&#xD;
[testcontainers.org 00:01:00.19] Execute "mysql Customers --wait --silent --execute=SELECT 1;" at Docker container c1ee4ea96abb&#xD;
[testcontainers.org 00:01:01.28] Execute "mysql Customers --wait --silent --execute=SELECT 1;" at Docker container c1ee4ea96abb&#xD;
[testcontainers.org 00:01:01.40] Docker container c1ee4ea96abb ready&#xD;
Given I have a running MySQL Container&#xD;
-&gt; done: DatabaseContainerStepDefinitions.GivenIHaveARunningMySQLContainer() (0.0s)&#xD;
Then the database should be accessible&#xD;
locked_out_user&#xD;
-&gt; done: DatabaseContainerStepDefinitions.ThenTheDatabaseShouldBeAccessible() (0.0s)&#xD;
[testcontainers.org 00:01:01.83] Delete Docker container b4a68b91ca57&#xD;
[testcontainers.org 00:01:02.08] Docker container 87d09ed38a07 created&#xD;
[testcontainers.org 00:01:02.10] Start Docker container 87d09ed38a07&#xD;
[testcontainers.org 00:01:02.60] Delete Docker container c1ee4ea96abb&#xD;
[testcontainers.org 00:01:04.04] Execute "mkdir /var/lib/mysql-files" at Docker container 87d09ed38a07&#xD;
[testcontainers.org 00:01:04.04] Add file to tar archive: Content length: 48 byte(s), Target file: "/etc/mysql/my.cnf"&#xD;
[testcontainers.org 00:01:04.04] Copy tar archive to container: Content length: 48 byte(s), Docker container: 87d09ed38a07&#xD;
[testcontainers.org 00:01:04.25] Wait for Docker container 87d09ed38a07 to complete readiness checks&#xD;
[testcontainers.org 00:01:04.27] Execute "mysql Customers --wait --silent --execute=SELECT 1;" at Docker container 87d09ed38a07&#xD;
&#xD;
NUnit Adapter 4.6.0.0: Test execution complete&#xD;
</StdOut>
    </Output>
  </ResultSummary>
</TestRun>